main.c:178:6:setLED	40	static
main.c:189:6:setLevLED	24	static
main.c:214:5:main	32	static
main.c:311:6:SystemClock_Config	88	static
main.c:356:13:MX_ADC1_Init	24	static
main.c:409:13:MX_TIM3_Init	64	static
main.c:476:13:MX_USART1_UART_Init	8	static
main.c:509:13:MX_USART3_UART_Init	8	static
main.c:540:13:MX_DMA_Init	16	static
main.c:570:13:MX_GPIO_Init	40	static
main.c:607:9:sensor_light	16	static
main.c:612:9:sensor_voice	16	static
main.c:617:9:voice_second_per_max	16	static
main.c:628:9:voice_second_max	16	static
main.c:639:6:HAL_GPIO_EXTI_Callback	16	static
main.c:647:6:HAL_TIM_PeriodElapsedCallback	16	static
main.c:657:6:HAL_ADC_ConvCpltCallback	24	static
main.c:692:6:HAL_UART_RxCpltCallback	16	static
main.c:708:6:Error_Handler	4	static
