main.c:182:6:setLED	40	static
main.c:193:6:setLevLED	24	static
main.c:207:6:copyMat	32	static
main.c:225:5:main	40	static
main.c:403:6:SystemClock_Config	88	static
main.c:448:13:MX_ADC1_Init	24	static
main.c:501:13:MX_TIM3_Init	64	static
main.c:568:13:MX_USART1_UART_Init	8	static
main.c:601:13:MX_USART3_UART_Init	8	static
main.c:632:13:MX_DMA_Init	16	static
main.c:662:13:MX_GPIO_Init	40	static
main.c:699:9:sensor_light	16	static
main.c:704:9:sensor_voice	16	static
main.c:709:9:voice_second_per_max	16	static
main.c:720:9:voice_second_max	16	static
main.c:731:6:HAL_GPIO_EXTI_Callback	16	static
main.c:739:6:HAL_TIM_PeriodElapsedCallback	16	static
main.c:765:6:HAL_ADC_ConvCpltCallback	24	static
main.c:800:6:HAL_UART_RxCpltCallback	16	static
main.c:815:6:Error_Handler	4	static
