stm32f1xx_it.c:78:6:NMI_Handler	4	static
stm32f1xx_it.c:91:6:HardFault_Handler	4	static
stm32f1xx_it.c:106:6:MemManage_Handler	4	static
stm32f1xx_it.c:121:6:BusFault_Handler	4	static
stm32f1xx_it.c:136:6:UsageFault_Handler	4	static
stm32f1xx_it.c:151:6:SVC_Handler	4	static
stm32f1xx_it.c:164:6:DebugMon_Handler	4	static
stm32f1xx_it.c:177:6:PendSV_Handler	4	static
stm32f1xx_it.c:190:6:SysTick_Handler	8	static
stm32f1xx_it.c:211:6:DMA1_Channel1_IRQHandler	8	static
stm32f1xx_it.c:225:6:DMA1_Channel2_IRQHandler	8	static
stm32f1xx_it.c:239:6:DMA1_Channel3_IRQHandler	8	static
stm32f1xx_it.c:253:6:DMA1_Channel4_IRQHandler	8	static
stm32f1xx_it.c:267:6:DMA1_Channel5_IRQHandler	8	static
stm32f1xx_it.c:281:6:ADC1_2_IRQHandler	8	static
stm32f1xx_it.c:295:6:EXTI9_5_IRQHandler	8	static
stm32f1xx_it.c:309:6:TIM3_IRQHandler	8	static
stm32f1xx_it.c:323:6:USART1_IRQHandler	8	static
stm32f1xx_it.c:337:6:USART3_IRQHandler	8	static
